AR counter behavioral C:/Xilinx92i/DTSD_LabWork2/Counter.vhd sub00/vhpl01 1654681398
EN counter NULL C:/Xilinx92i/DTSD_LabWork2/Counter.vhd sub00/vhpl00 1654681397
AR controller behavioral C:/Xilinx92i/DTSD_LabWork2/Controller.vhd sub00/vhpl03 1654681400
EN controller NULL C:/Xilinx92i/DTSD_LabWork2/Controller.vhd sub00/vhpl02 1654681399
