EN compressioncounter NULL /home/ise/Desktop/DTSD_LabWork2/CompressionCounter.vhd sub00/vhpl10 1655132369
AR counter behavioral /home/ise/Desktop/DTSD_LabWork2/Counter.vhd sub00/vhpl01 1655132360
AR testvectorgenerator behavioral /home/ise/Desktop/DTSD_LabWork2/TestVectorGenerator.vhd sub00/vhpl07 1655132366
EN fgpa_implement NULL /home/ise/Desktop/DTSD_LabWork2/FGPA_IMPLEMENT.vhd sub00/vhpl16 1655132381
AR debouncing_button_vhdl behavioral /home/ise/Desktop/DTSD_LabWork2/ButtonDebouncer.vhd sub00/vhpl23 1655132378
AR clock_enable_debouncing_button behavioral /home/ise/Desktop/DTSD_LabWork2/ButtonDebouncer.vhd sub00/vhpl19 1655132374
EN testequipment NULL /home/ise/Desktop/DTSD_LabWork2/TestEquipment.vhd sub00/vhpl14 1655132379
AR testequipment behavioral /home/ise/Desktop/DTSD_LabWork2/TestEquipment.vhd sub00/vhpl15 1655132380
AR lfsr behavioral /home/ise/Desktop/DTSD_LabWork2/LFSR.vhd sub00/vhpl03 1655132362
AR fgpa_implement behavioral /home/ise/Desktop/DTSD_LabWork2/FGPA_IMPLEMENT.vhd sub00/vhpl17 1655132382
AR compressioncounter behavioral /home/ise/Desktop/DTSD_LabWork2/CompressionCounter.vhd sub00/vhpl11 1655132370
AR dff_debouncing_button behavioral /home/ise/Desktop/DTSD_LabWork2/ButtonDebouncer.vhd sub00/vhpl21 1655132376
EN counter NULL /home/ise/Desktop/DTSD_LabWork2/Counter.vhd sub00/vhpl00 1655132359
EN dff_debouncing_button NULL /home/ise/Desktop/DTSD_LabWork2/ButtonDebouncer.vhd sub00/vhpl20 1655132375
EN lfsr NULL /home/ise/Desktop/DTSD_LabWork2/LFSR.vhd sub00/vhpl02 1655132361
EN signaturegenerator NULL /home/ise/Desktop/DTSD_LabWork2/SignatureGenerator.vhd sub00/vhpl08 1655132367
EN debouncing_button_vhdl NULL /home/ise/Desktop/DTSD_LabWork2/ButtonDebouncer.vhd sub00/vhpl22 1655132377
EN clock_enable_debouncing_button NULL /home/ise/Desktop/DTSD_LabWork2/ButtonDebouncer.vhd sub00/vhpl18 1655132373
EN controller NULL /home/ise/Desktop/DTSD_LabWork2/Controller.vhd sub00/vhpl04 1655132363
EN comparator NULL /home/ise/Desktop/DTSD_LabWork2/Comparator.vhd sub00/vhpl12 1655132371
EN testvectorgenerator NULL /home/ise/Desktop/DTSD_LabWork2/TestVectorGenerator.vhd sub00/vhpl06 1655132365
AR controller behavioral /home/ise/Desktop/DTSD_LabWork2/Controller.vhd sub00/vhpl05 1655132364
AR comparator behavioral /home/ise/Desktop/DTSD_LabWork2/Comparator.vhd sub00/vhpl13 1655132372
AR signaturegenerator behavioral /home/ise/Desktop/DTSD_LabWork2/SignatureGenerator.vhd sub00/vhpl09 1655132368
