AR lfsr behavioral C:/Xilinx92i/DTSD_LabWork2/LFSR.vhd sub00/vhpl05 1654900090
EN fgpa_implement NULL C:/Xilinx92i/DTSD_LabWork2/FGPA_IMPLEMENT.vhd sub00/vhpl18 1654900103
AR testvectorgenerator behavioral C:/Xilinx92i/DTSD_LabWork2/TestVectorGenerator.vhd sub00/vhpl07 1654900094
AR compressioncounter behavioral C:/Xilinx92i/DTSD_LabWork2/CompressionCounter.vhd sub00/vhpl13 1654900098
EN compressioncounter NULL C:/Xilinx92i/DTSD_LabWork2/CompressionCounter.vhd sub00/vhpl12 1654900097
AR fgpa_implement behavioral C:/Xilinx92i/DTSD_LabWork2/FGPA_IMPLEMENT.vhd sub00/vhpl19 1654900104
EN signaturegenerator NULL C:/Xilinx92i/DTSD_LabWork2/SignatureGenerator.vhd sub00/vhpl10 1654900095
AR comparator behavioral C:/Xilinx92i/DTSD_LabWork2/Comparator.vhd sub00/vhpl15 1654900100
EN mux_74hc153n NULL C:/Xilinx92i/DTSD_LabWork2/74HC153N.vhd sub00/vhpl16 1654868916
AR counter behavioral C:/Xilinx92i/DTSD_LabWork2/Counter.vhd sub00/vhpl01 1654900088
AR testequipment behavioral C:/Xilinx92i/DTSD_LabWork2/TestEquipment.vhd sub00/vhpl09 1654900102
EN counter NULL C:/Xilinx92i/DTSD_LabWork2/Counter.vhd sub00/vhpl00 1654900087
AR controller behavioral C:/Xilinx92i/DTSD_LabWork2/Controller.vhd sub00/vhpl03 1654900092
EN testvectorgenerator NULL C:/Xilinx92i/DTSD_LabWork2/TestVectorGenerator.vhd sub00/vhpl06 1654900093
EN lfsr NULL C:/Xilinx92i/DTSD_LabWork2/LFSR.vhd sub00/vhpl04 1654900089
AR signaturegenerator behavioral C:/Xilinx92i/DTSD_LabWork2/SignatureGenerator.vhd sub00/vhpl11 1654900096
EN testequipment NULL C:/Xilinx92i/DTSD_LabWork2/TestEquipment.vhd sub00/vhpl08 1654900101
AR mux_74hc153n behavioral C:/Xilinx92i/DTSD_LabWork2/74HC153N.vhd sub00/vhpl17 1654868917
EN controller NULL C:/Xilinx92i/DTSD_LabWork2/Controller.vhd sub00/vhpl02 1654900091
EN comparator NULL C:/Xilinx92i/DTSD_LabWork2/Comparator.vhd sub00/vhpl14 1654900099
