AR lfsr behavioral C:/Xilinx92i/DTSD_LabWork2/LFSR.vhd sub00/vhpl07 1654888759
EN controller_tb_vhd NULL C:/Xilinx92i/DTSD_LabWork2/Controller_TB.vhd sub00/vhpl04 1654681417
AR testvectorgenerator behavioral C:/Xilinx92i/DTSD_LabWork2/TestVectorGenerator.vhd sub00/vhpl09 1654888765
AR testequipment_with_uut_tb_vhd behavior C:/Xilinx92i/DTSD_LabWork2/TestEquipment_with_UUT_TB.vhd sub00/vhpl31 1654888777
AR compressioncounter behavioral C:/Xilinx92i/DTSD_LabWork2/CompressionCounter.vhd sub00/vhpl21 1654888769
EN compressioncounter NULL C:/Xilinx92i/DTSD_LabWork2/CompressionCounter.vhd sub00/vhpl20 1654888768
EN signaturegenerator NULL C:/Xilinx92i/DTSD_LabWork2/SignatureGenerator.vhd sub00/vhpl18 1654888766
AR testequipment_tb_vhd behavior C:/Xilinx92i/DTSD_LabWork2/TestEquipment_TB.vhd sub00/vhpl27 1654877729
AR controller_tb_vhd behavior C:/Xilinx92i/DTSD_LabWork2/Controller_TB.vhd sub00/vhpl05 1654681418
AR comparator behavioral C:/Xilinx92i/DTSD_LabWork2/Comparator.vhd sub00/vhpl23 1654888771
AR mux_74hc153n_tb_vhd behavior C:/Xilinx92i/DTSD_LabWork2/MUX_74HC153N_TB.vhd sub00/vhpl17 1654869283
EN testvectorgenerator_tb_vhd NULL C:/Xilinx92i/DTSD_LabWork2/TestVectorGenerator_TB.vhd sub00/vhpl10 1654868167
EN mux_74hc153n NULL C:/Xilinx92i/DTSD_LabWork2/74HC153N.vhd sub00/vhpl14 1654888760
EN testequipment_tb_vhd NULL C:/Xilinx92i/DTSD_LabWork2/TestEquipment_TB.vhd sub00/vhpl26 1654877728
AR counter behavioral C:/Xilinx92i/DTSD_LabWork2/Counter.vhd sub00/vhpl01 1654888757
EN unitundertest NULL C:/Xilinx92i/DTSD_LabWork2/UnitUnderTest.vhd sub00/vhpl28 1654888774
AR testequipment behavioral C:/Xilinx92i/DTSD_LabWork2/TestEquipment.vhd sub00/vhpl25 1654888773
EN counter NULL C:/Xilinx92i/DTSD_LabWork2/Counter.vhd sub00/vhpl00 1654888756
AR controller behavioral C:/Xilinx92i/DTSD_LabWork2/Controller.vhd sub00/vhpl03 1654888763
EN mux4x1 NULL C:/Xilinx92i/DTSD_LabWork2/MUX4x1.vhd sub00/vhpl12 1654888754
AR testvectorgenerator_tb_vhd behavior C:/Xilinx92i/DTSD_LabWork2/TestVectorGenerator_TB.vhd sub00/vhpl11 1654868168
EN testvectorgenerator NULL C:/Xilinx92i/DTSD_LabWork2/TestVectorGenerator.vhd sub00/vhpl08 1654888764
AR unitundertest behavioral C:/Xilinx92i/DTSD_LabWork2/UnitUnderTest.vhd sub00/vhpl29 1654888775
EN lfsr NULL C:/Xilinx92i/DTSD_LabWork2/LFSR.vhd sub00/vhpl06 1654888758
AR signaturegenerator behavioral C:/Xilinx92i/DTSD_LabWork2/SignatureGenerator.vhd sub00/vhpl19 1654888767
EN testequipment NULL C:/Xilinx92i/DTSD_LabWork2/TestEquipment.vhd sub00/vhpl24 1654888772
AR mux_74hc153n behavioral C:/Xilinx92i/DTSD_LabWork2/74HC153N.vhd sub00/vhpl15 1654888761
EN mux_74hc153n_tb_vhd NULL C:/Xilinx92i/DTSD_LabWork2/MUX_74HC153N_TB.vhd sub00/vhpl16 1654869282
EN controller NULL C:/Xilinx92i/DTSD_LabWork2/Controller.vhd sub00/vhpl02 1654888762
EN comparator NULL C:/Xilinx92i/DTSD_LabWork2/Comparator.vhd sub00/vhpl22 1654888770
EN testequipment_with_uut_tb_vhd NULL C:/Xilinx92i/DTSD_LabWork2/TestEquipment_with_UUT_TB.vhd sub00/vhpl30 1654888776
AR mux4x1 behavioral C:/Xilinx92i/DTSD_LabWork2/MUX4x1.vhd sub00/vhpl13 1654888755
